(base) Navneets-MacBook-Air:UI navneetkaur$ git stashSaved working directory and index state WIP on main: bb6cb89 merge testNewBranch to Main(base) Navneets-MacBook-Air:UI navneetkaur$ git pull origin mainremote: Enumerating objects: 130, done.remote: Counting objects: 100% (129/129), done.remote: Compressing objects: 100% (55/55), done.remote: Total 125 (delta 73), reused 119 (delta 69), pack-reused 0Receiving objects: 100% (125/125), 35.93 KiB | 4.49 MiB/s, done.Resolving deltas: 100% (73/73), completed with 2 local objects.From https://github.com/muralicloud/UI * branch            main       -> FETCH_HEAD   bb6cb89..e730b67  main       -> origin/mainUpdating bb6cb89..e730b67Fast-forward 56352                            |   0 Answers for git assignment1.docx | Bin 0 -> 15637 bytes MERGEwithCONFLICT.rtf            | 410 ++++++++++++++++++++++++++++++++++++++++++++++++++++ MERGEwithCONFLICT.txt            | 810 ++++++++++++++++++++++++++++++++++++++++++++++++++++++++++++++++++++++++++++++++++++++++++++++++++++++ index.html                       |  13 +- log.log                          |   0 log.txt                          |   0 main                             |   0 mylog.txt                        |  78 ++++++++++ mylogSS.txt                      |  88 +++++++++++ newindex.html                    |  11 ++ someclass.java                   |  11 ++ 12 files changed, 1414 insertions(+), 7 deletions(-) create mode 100644 56352 create mode 100644 Answers for git assignment1.docx create mode 100644 MERGEwithCONFLICT.rtf create mode 100644 MERGEwithCONFLICT.txt create mode 100644 log.log create mode 100644 log.txt create mode 100644 main create mode 100644 mylog.txt create mode 100644 mylogSS.txt create mode 100644 newindex.html create mode 100644 someclass.java(base) Navneets-MacBook-Air:UI navneetkaur$ git stash popOn branch mainYour branch is up to date with 'origin/main'.Changes not staged for commit:  (use "git add <file>..." to update what will be committed)  (use "git checkout -- <file>..." to discard changes in working directory)	modified:   Harry.txtUntracked files:  (use "git add <file>..." to include in what will be committed)	.DS_Storeno changes added to commit (use "git add" and/or "git commit -a")Dropped refs/stash@{0} (d503c80304e8ec95de3a06f7eeea77e143201770)(base) Navneets-MacBook-Air:UI navneetkaur$ git statusOn branch mainYour branch is up to date with 'origin/main'.Changes not staged for commit:  (use "git add <file>..." to update what will be committed)  (use "git checkout -- <file>..." to discard changes in working directory)	modified:   Harry.txtUntracked files:  (use "git add <file>..." to include in what will be committed)	.DS_Storeno changes added to commit (use "git add" and/or "git commit -a")(base) Navneets-MacBook-Air:UI navneetkaur$ git branch* main  testNewBranch(base) Navneets-MacBook-Air:UI navneetkaur$ git commit -m 'to create conflict'On branch mainYour branch is up to date with 'origin/main'.Changes not staged for commit:	modified:   Harry.txtUntracked files:	.DS_Storeno changes added to commit(base) Navneets-MacBook-Air:UI navneetkaur$ git statusOn branch mainYour branch is up to date with 'origin/main'.Changes not staged for commit:  (use "git add <file>..." to update what will be committed)  (use "git checkout -- <file>..." to discard changes in working directory)	modified:   Harry.txtUntracked files:  (use "git add <file>..." to include in what will be committed)	.DS_Storeno changes added to commit (use "git add" and/or "git commit -a")(base) Navneets-MacBook-Air:UI navneetkaur$ git add Harry.txt(base) Navneets-MacBook-Air:UI navneetkaur$ git statusOn branch mainYour branch is up to date with 'origin/main'.Changes to be committed:  (use "git reset HEAD <file>..." to unstage)	modified:   Harry.txtUntracked files:  (use "git add <file>..." to include in what will be committed)	.DS_Store(base) Navneets-MacBook-Air:UI navneetkaur$ git commit -m 'to create conflict'[main 6d4fbe6] to create conflict 1 file changed, 3 insertions(+)(base) Navneets-MacBook-Air:UI navneetkaur$ git push origin mainEnumerating objects: 5, done.Counting objects: 100% (5/5), done.Delta compression using up to 4 threadsCompressing objects: 100% (3/3), done.Writing objects: 100% (3/3), 342 bytes | 342.00 KiB/s, done.Total 3 (delta 2), reused 0 (delta 0)remote: Resolving deltas: 100% (2/2), completed with 2 local objects.To https://github.com/muralicloud/UI.git   e730b67..6d4fbe6  main -> main(base) Navneets-MacBook-Air:UI navneetkaur$ git statusOn branch mainYour branch is up to date with 'origin/main'.Untracked files:  (use "git add <file>..." to include in what will be committed)	.DS_Storenothing added to commit but untracked files present (use "git add" to track)(base) Navneets-MacBook-Air:UI navneetkaur$ git branch* main  testNewBranch(base) Navneets-MacBook-Air:UI navneetkaur$ git checkout testNewBranchSwitched to branch 'testNewBranch'(base) Navneets-MacBook-Air:UI navneetkaur$ git statusOn branch testNewBranchUntracked files:  (use "git add <file>..." to include in what will be committed)	.DS_Storenothing added to commit but untracked files present (use "git add" to track)(base) Navneets-MacBook-Air:UI navneetkaur$ git branch  main* testNewBranch(base) Navneets-MacBook-Air:UI navneetkaur$ git statusOn branch testNewBranchUntracked files:  (use "git add <file>..." to include in what will be committed)	.DS_Storenothing added to commit but untracked files present (use "git add" to track)(base) Navneets-MacBook-Air:UI navneetkaur$ git pull origin mainFrom https://github.com/muralicloud/UI * branch            main       -> FETCH_HEADAuto-merging Harry.txtMerge made by the 'recursive' strategy. 56352                            |   0 Answers for git assignment1.docx | Bin 0 -> 15637 bytes Harry.txt                        |   2 + MERGEwithCONFLICT.rtf            | 410 ++++++++++++++++++++++++++++++++++++++++++++++++++++ MERGEwithCONFLICT.txt            | 810 ++++++++++++++++++++++++++++++++++++++++++++++++++++++++++++++++++++++++++++++++++++++++++++++++++++++ index.html                       |  13 +- log.log                          |   0 log.txt                          |   0 main                             |   0 mylog.txt                        |  78 ++++++++++ mylogSS.txt                      |  88 +++++++++++ newindex.html                    |  11 ++ someclass.java                   |  11 ++ 13 files changed, 1416 insertions(+), 7 deletions(-) create mode 100644 56352 create mode 100644 Answers for git assignment1.docx create mode 100644 MERGEwithCONFLICT.rtf create mode 100644 MERGEwithCONFLICT.txt create mode 100644 log.log create mode 100644 log.txt create mode 100644 main create mode 100644 mylog.txt create mode 100644 mylogSS.txt create mode 100644 newindex.html create mode 100644 someclass.java(base) Navneets-MacBook-Air:UI navneetkaur$ git statusOn branch testNewBranchUntracked files:  (use "git add <file>..." to include in what will be committed)	.DS_Storenothing added to commit but untracked files present (use "git add" to track)(base) Navneets-MacBook-Air:UI navneetkaur$ git branch  main* testNewBranch(base) Navneets-MacBook-Air:UI navneetkaur$ git statusOn branch testNewBranchUntracked files:  (use "git add <file>..." to include in what will be committed)	.DS_Storenothing added to commit but untracked files present (use "git add" to track)(base) Navneets-MacBook-Air:UI navneetkaur$ git statusOn branch testNewBranchChanges not staged for commit:  (use "git add <file>..." to update what will be committed)  (use "git checkout -- <file>..." to discard changes in working directory)	modified:   Harry.txtUntracked files:  (use "git add <file>..." to include in what will be committed)	.DS_Storeno changes added to commit (use "git add" and/or "git commit -a")(base) Navneets-MacBook-Air:UI navneetkaur$ git add Harry.txt(base) Navneets-MacBook-Air:UI navneetkaur$ git statusOn branch testNewBranchChanges to be committed:  (use "git reset HEAD <file>..." to unstage)	modified:   Harry.txtUntracked files:  (use "git add <file>..." to include in what will be committed)	.DS_Store(base) Navneets-MacBook-Air:UI navneetkaur$ git commit -m 'added line testbranch' [testNewBranch bbb46f1] added line testbranch 1 file changed, 1 insertion(+), 3 deletions(-)(base) Navneets-MacBook-Air:UI navneetkaur$ git pushfatal: The current branch testNewBranch has no upstream branch.To push the current branch and set the remote as upstream, use    git push --set-upstream origin testNewBranch(base) Navneets-MacBook-Air:UI navneetkaur$ git push origin testNewBranchEnumerating objects: 8, done.Counting objects: 100% (8/8), done.Delta compression using up to 4 threadsCompressing objects: 100% (4/4), done.Writing objects: 100% (4/4), 590 bytes | 590.00 KiB/s, done.Total 4 (delta 2), reused 0 (delta 0)remote: Resolving deltas: 100% (2/2), completed with 2 local objects.To https://github.com/muralicloud/UI.git   3f18ee7..bbb46f1  testNewBranch -> testNewBranch(base) Navneets-MacBook-Air:UI navneetkaur$ git statusOn branch testNewBranchUntracked files:  (use "git add <file>..." to include in what will be committed)	.DS_Storenothing added to commit but untracked files present (use "git add" to track)(base) Navneets-MacBook-Air:UI navneetkaur$ git branch  main* testNewBranch(base) Navneets-MacBook-Air:UI navneetkaur$ git checkout mainSwitched to branch 'main'Your branch is up to date with 'origin/main'.(base) Navneets-MacBook-Air:UI navneetkaur$ git branch* main  testNewBranch(base) Navneets-MacBook-Air:UI navneetkaur$ git statusOn branch mainYour branch is up to date with 'origin/main'.Untracked files:  (use "git add <file>..." to include in what will be committed)	.DS_Storenothing added to commit but untracked files present (use "git add" to track)(base) Navneets-MacBook-Air:UI navneetkaur$ git statusOn branch mainYour branch is up to date with 'origin/main'.Changes not staged for commit:  (use "git add <file>..." to update what will be committed)  (use "git checkout -- <file>..." to discard changes in working directory)	modified:   Harry.txtUntracked files:  (use "git add <file>..." to include in what will be committed)	.DS_Storeno changes added to commit (use "git add" and/or "git commit -a")(base) Navneets-MacBook-Air:UI navneetkaur$ git branch* main  testNewBranch(base) Navneets-MacBook-Air:UI navneetkaur$ git add  Harry.txt(base) Navneets-MacBook-Air:UI navneetkaur$ git statusOn branch mainYour branch is up to date with 'origin/main'.Changes to be committed:  (use "git reset HEAD <file>..." to unstage)	modified:   Harry.txtUntracked files:  (use "git add <file>..." to include in what will be committed)	.DS_Store(base) Navneets-MacBook-Air:UI navneetkaur$ git commit -m 'added some code in main for conflict'[main 5b1652c] added some code in main for conflict 1 file changed, 3 insertions(+)(base) Navneets-MacBook-Air:UI navneetkaur$ git barnchgit: 'barnch' is not a git command. See 'git --help'.The most similar command is	branch(base) Navneets-MacBook-Air:UI navneetkaur$ git branch* main  testNewBranch(base) Navneets-MacBook-Air:UI navneetkaur$ git push origin mainEnumerating objects: 5, done.Counting objects: 100% (5/5), done.Delta compression using up to 4 threadsCompressing objects: 100% (3/3), done.Writing objects: 100% (3/3), 554 bytes | 554.00 KiB/s, done.Total 3 (delta 2), reused 0 (delta 0)remote: Resolving deltas: 100% (2/2), completed with 2 local objects.To https://github.com/muralicloud/UI.git   6d4fbe6..5b1652c  main -> main(base) Navneets-MacBook-Air:UI navneetkaur$ git branch* main  testNewBranch(base) Navneets-MacBook-Air:UI navneetkaur$ git branch --no--mergederror: unknown option `no--merged'usage: git branch [<options>] [-r | -a] [--merged | --no-merged]   or: git branch [<options>] [-l] [-f] <branch-name> [<start-point>]   or: git branch [<options>] [-r] (-d | -D) <branch-name>...   or: git branch [<options>] (-m | -M) [<old-branch>] <new-branch>   or: git branch [<options>] (-c | -C) [<old-branch>] <new-branch>   or: git branch [<options>] [-r | -a] [--points-at]   or: git branch [<options>] [-r | -a] [--format]Generic options    -v, --verbose         show hash and subject, give twice for upstream branch    -q, --quiet           suppress informational messages    -t, --track           set up tracking mode (see git-pull(1))    -u, --set-upstream-to <upstream>                          change the upstream info    --unset-upstream      Unset the upstream info    --color[=<when>]      use colored output    -r, --remotes         act on remote-tracking branches    --contains <commit>   print only branches that contain the commit    --no-contains <commit>                          print only branches that don't contain the commit    --abbrev[=<n>]        use <n> digits to display SHA-1sSpecific git-branch actions:    -a, --all             list both remote-tracking and local branches    -d, --delete          delete fully merged branch    -D                    delete branch (even if not merged)    -m, --move            move/rename a branch and its reflog    -M                    move/rename a branch, even if target exists    -c, --copy            copy a branch and its reflog    -C                    copy a branch, even if target exists    -l, --list            list branch names    --create-reflog       create the branch's reflog    --edit-description    edit the description for the branch    -f, --force           force creation, move/rename, deletion    --merged <commit>     print only branches that are merged    --no-merged <commit>  print only branches that are not merged    --column[=<style>]    list branches in columns    --sort <key>          field name to sort on    --points-at <object>  print only branches of the object    -i, --ignore-case     sorting and filtering are case insensitive    --format <format>     format to use for the output(base) Navneets-MacBook-Air:UI navneetkaur$ git branch --no-merged  testNewBranch(base) Navneets-MacBook-Air:UI navneetkaur$ git branch --merged* main(base) Navneets-MacBook-Air:UI navneetkaur$ git statusOn branch mainYour branch is up to date with 'origin/main'.Untracked files:  (use "git add <file>..." to include in what will be committed)	.DS_Storenothing added to commit but untracked files present (use "git add" to track)(base) Navneets-MacBook-Air:UI navneetkaur$ git branch* main  testNewBranch(base) Navneets-MacBook-Air:UI navneetkaur$ git checkout testNewBranchSwitched to branch 'testNewBranch'(base) Navneets-MacBook-Air:UI navneetkaur$ git branch  main* testNewBranch(base) Navneets-MacBook-Air:UI navneetkaur$ git pull origin mainFrom https://github.com/muralicloud/UI * branch            main       -> FETCH_HEADAuto-merging Harry.txtCONFLICT (content): Merge conflict in Harry.txtAutomatic merge failed; fix conflicts and then commit the result.(base) Navneets-MacBook-Air:UI navneetkaur$ git statusOn branch testNewBranchYou have unmerged paths.  (fix conflicts and run "git commit")  (use "git merge --abort" to abort the merge)Unmerged paths:  (use "git add <file>..." to mark resolution)	both modified:   Harry.txtUntracked files:  (use "git add <file>..." to include in what will be committed)	.DS_Storeno changes added to commit (use "git add" and/or "git commit -a")(base) Navneets-MacBook-Air:UI navneetkaur$ git branch  main* testNewBranch(base) Navneets-MacBook-Air:UI navneetkaur$ git statusOn branch testNewBranchYou have unmerged paths.  (fix conflicts and run "git commit")  (use "git merge --abort" to abort the merge)Unmerged paths:  (use "git add <file>..." to mark resolution)	both modified:   Harry.txtUntracked files:  (use "git add <file>..." to include in what will be committed)	.DS_Storeno changes added to commit (use "git add" and/or "git commit -a")(base) Navneets-MacBook-Air:UI navneetkaur$ git add Harry.txt(base) Navneets-MacBook-Air:UI navneetkaur$ git statusOn branch testNewBranchAll conflicts fixed but you are still merging.  (use "git commit" to conclude merge)Changes to be committed:	modified:   Harry.txtUntracked files:  (use "git add <file>..." to include in what will be committed)	.DS_Store(base) Navneets-MacBook-Air:UI navneetkaur$ git commit -m 'merge conflicts main with testBranch'[testNewBranch 069b755] merge conflicts main with testBranch(base) Navneets-MacBook-Air:UI navneetkaur$ git push origin testNewBranchEnumerating objects: 7, done.Counting objects: 100% (7/7), done.Delta compression using up to 4 threadsCompressing objects: 100% (3/3), done.Writing objects: 100% (3/3), 560 bytes | 560.00 KiB/s, done.Total 3 (delta 2), reused 0 (delta 0)remote: Resolving deltas: 100% (2/2), completed with 2 local objects.To https://github.com/muralicloud/UI.git   bbb46f1..069b755  testNewBranch -> testNewBranch(base) Navneets-MacBook-Air:UI navneetkaur$ git branch  main* testNewBranch(base) Navneets-MacBook-Air:UI navneetkaur$ git checkout mainSwitched to branch 'main'Your branch is up to date with 'origin/main'.(base) Navneets-MacBook-Air:UI navneetkaur$ git statusOn branch mainYour branch is up to date with 'origin/main'.Untracked files:  (use "git add <file>..." to include in what will be committed)	.DS_Storenothing added to commit but untracked files present (use "git add" to track)(base) Navneets-MacBook-Air:UI navneetkaur$ git branch* main  testNewBranch(base) Navneets-MacBook-Air:UI navneetkaur$ git pull origin testNewBranchFrom https://github.com/muralicloud/UI * branch            testNewBranch -> FETCH_HEADUpdating 5b1652c..069b755Fast-forward Harry.txt | 13 ++++++++++--- 1 file changed, 10 insertions(+), 3 deletions(-)(base) Navneets-MacBook-Air:UI navneetkaur$ git statusOn branch mainYour branch is ahead of 'origin/main' by 4 commits.  (use "git push" to publish your local commits)Untracked files:  (use "git add <file>..." to include in what will be committed)	.DS_Storenothing added to commit but untracked files present (use "git add" to track)(base) Navneets-MacBook-Air:UI navneetkaur$ git statusOn branch mainYour branch is ahead of 'origin/main' by 4 commits.  (use "git push" to publish your local commits)Changes not staged for commit:  (use "git add <file>..." to update what will be committed)  (use "git checkout -- <file>..." to discard changes in working directory)	modified:   Harry.txtUntracked files:  (use "git add <file>..." to include in what will be committed)	.DS_Storeno changes added to commit (use "git add" and/or "git commit -a")(base) Navneets-MacBook-Air:UI navneetkaur$ git branch* main  testNewBranch(base) Navneets-MacBook-Air:UI navneetkaur$ git add Harry.txt(base) Navneets-MacBook-Air:UI navneetkaur$ git commit -m 'merge main with TestBranch'[main 3ccaf12] merge main with TestBranch 1 file changed, 3 insertions(+), 1 deletion(-)(base) Navneets-MacBook-Air:UI navneetkaur$ git pushEnumerating objects: 5, done.Counting objects: 100% (5/5), done.Delta compression using up to 4 threadsCompressing objects: 100% (3/3), done.Writing objects: 100% (3/3), 306 bytes | 306.00 KiB/s, done.Total 3 (delta 2), reused 0 (delta 0)remote: Resolving deltas: 100% (2/2), completed with 2 local objects.To https://github.com/muralicloud/UI.git   5b1652c..3ccaf12  main -> main(base) Navneets-MacBook-Air:UI navneetkaur$ git branch* main  testNewBranch(base) Navneets-MacBook-Air:UI navneetkaur$ (base) Navneets-MacBook-Air:UI navneetkaur$ 